[C:/Users/Андрій/Documents/iuhgbnmkj/pleinair.myinsales.ru/served_assets/new_shop_js/shop_bundle-90fd8a05e623abd628eee1821b696eab.js]
[C:/Users/Андрій/Documents/iuhgbnmkj/assets3.insales.ru/assets/common-js/common.v2.9.4.js]
[C:/Users/Андрій/Documents/iuhgbnmkj/pleinair.myinsales.ru/javascripts/insales_countere4da.js]
[C:/Users/Андрій/Documents/iuhgbnmkj/backblue.gif]
[C:/Users/Андрій/Documents/iuhgbnmkj/fade.gif]
[C:/Users/Андрій/Documents/iuhgbnmkj/index.html]
[C:/Users/Андрій/Documents/iuhgbnmkj/pleinair.myinsales.ru/blogs/blog.atom]
[C:/Users/Андрій/Documents/iuhgbnmkj/assets3.insales.ru/assets/1/5785/915097/1519699092/favicon.png]
[C:/Users/Андрій/Documents/iuhgbnmkj/assets3.insales.ru/assets/1/5785/915097/1519699092/modernizr-custom.js]
[C:/Users/Андрій/Documents/iuhgbnmkj/static-eu.insales.ru/files/1/5364/3224820/original/slide_1.jpg]
[C:/Users/Андрій/Documents/iuhgbnmkj/static-eu.insales.ru/files/1/5366/3224822/original/slide_3.jpg]
[C:/Users/Андрій/Documents/iuhgbnmkj/static-eu.insales.ru/files/1/377/3441017/original/slide_2.jpg]
[C:/Users/Андрій/Documents/iuhgbnmkj/static-eu.insales.ru/files/1/372/3441012/original/d9f7fd385186e6df6252ece8058060b9.png]
[C:/Users/Андрій/Documents/iuhgbnmkj/static-eu.insales.ru/files/1/373/3441013/original/23c7e95e1f781b7e4b315ae067ba2ce3.png]
[C:/Users/Андрій/Documents/iuhgbnmkj/static-eu.insales.ru/files/1/374/3441014/original/246e673d7784aff4d2f61bdebeeb3e96.png]
[C:/Users/Андрій/Documents/iuhgbnmkj/static-eu.insales.ru/images/products/1/2267/121276635/large_large_ei6181.jpg]
[C:/Users/Андрій/Documents/iuhgbnmkj/static-eu.insales.ru/images/products/1/2249/121276617/large_large_ei5545.jpg]
[C:/Users/Андрій/Documents/iuhgbnmkj/static-eu.insales.ru/images/products/1/6647/113506807/large_ei6542.jpg]
[C:/Users/Андрій/Documents/iuhgbnmkj/static-eu.insales.ru/images/products/1/2134/121276502/large_large_to0284.jpg]
[C:/Users/Андрій/Documents/iuhgbnmkj/static-eu.insales.ru/images/products/1/2115/121276483/large_large_et0015.jpg]
[C:/Users/Андрій/Documents/iuhgbnmkj/static-eu.insales.ru/images/products/1/2205/121276573/large_large_tr0225_3.jpg]
[C:/Users/Андрій/Documents/iuhgbnmkj/static-eu.insales.ru/files/1/6361/4225241/original/mebel-v-vannuju-2.jpg]
[C:/Users/Андрій/Documents/iuhgbnmkj/static-eu.insales.ru/files/1/6383/4225263/original/парень1.jpg]
[C:/Users/Андрій/Documents/iuhgbnmkj/static-eu.insales.ru/files/1/6389/4225269/original/парень2.jpg]
[C:/Users/Андрій/Documents/iuhgbnmkj/static-eu.insales.ru/files/1/6397/4225277/original/наталья.jpg]
[C:/Users/Андрій/Documents/iuhgbnmkj/static-eu.insales.ru/images/articles/1/3785/118473/large_large_oformlenie-gostinnoy.jpg]
[C:/Users/Андрій/Documents/iuhgbnmkj/static-eu.insales.ru/images/articles/1/3786/118474/large_large_krovat.jpg]
[C:/Users/Андрій/Documents/iuhgbnmkj/static-eu.insales.ru/images/articles/1/3787/118475/large_large_divan.jpg]
[C:/Users/Андрій/Documents/iuhgbnmkj/assets3.insales.ru/assets/1/5785/915097/1519699092/theme.js]
[C:/Users/Андрій/Documents/iuhgbnmkj/pleinair.myinsales.ru/served_assets/shop/insales_panel-9873e44bed0e9cc9aeb10af1be920780.js]
[C:/Users/Андрій/Documents/iuhgbnmkj/pleinair.myinsales.ru/index.html]
[C:/Users/Андрій/Documents/iuhgbnmkj/pleinair.myinsales.ru/served_assets/public/jquery.modal-4237cb9b7ff44ce6e4d9495890d52142.css]
[C:/Users/Андрій/Documents/iuhgbnmkj/pleinair.myinsales.ru/'/page/oferta'.html]
[C:/Users/Андрій/Documents/iuhgbnmkj/code.ionicframework.com/ionicons/2.0.1/css/ionicons.min.css]
[C:/Users/Андрій/Documents/iuhgbnmkj/maxcdn.bootstrapcdn.com/font-awesome/4.6.3/css/font-awesome.min.css]
[C:/Users/Андрій/Documents/iuhgbnmkj/assets3.insales.ru/served_assets/checkout/button.png]
[C:/Users/Андрій/Documents/iuhgbnmkj/assets3.insales.ru/served_assets/checkout/icon-error.png]
[C:/Users/Андрій/Documents/iuhgbnmkj/assets3.insales.ru/served_assets/checkout/icon-succeed.png]
[C:/Users/Андрій/Documents/iuhgbnmkj/assets3.insales.ru/served_assets/checkout/icon-warning.png]
[C:/Users/Андрій/Documents/iuhgbnmkj/assets3.insales.ru/assets/1/5785/915097/1519699092/theme.css]
[C:/Users/Андрій/Documents/iuhgbnmkj/assets3.insales.ru/assets/1/5785/915097/1519699092/ie.css]
[C:/Users/Андрій/Documents/iuhgbnmkj/static-eu.insales.ru/images/collections/1/5134/1569806/medium_диван.jpg]
[C:/Users/Андрій/Documents/iuhgbnmkj/static-eu.insales.ru/images/products/1/2134/121276502/medium_large_to0284.jpg]
[C:/Users/Андрій/Documents/iuhgbnmkj/static-eu.insales.ru/images/products/1/2115/121276483/medium_large_et0015.jpg]
[C:/Users/Андрій/Documents/iuhgbnmkj/static-eu.insales.ru/images/products/1/202/113860810/medium_riviera-maison-new-orleans-cabinet.jpg]
[C:/Users/Андрій/Documents/iuhgbnmkj/static-eu.insales.ru/images/products/1/243/113860851/medium_td0099_201.jpg]
[C:/Users/Андрій/Documents/iuhgbnmkj/static-eu.insales.ru/images/products/1/4196/113881188/medium_комплект.jpg]
[C:/Users/Андрій/Documents/iuhgbnmkj/static-eu.insales.ru/images/products/1/7983/113418031/large_01_amarmstrongsofuj_main_2.jpg]
[C:/Users/Андрій/Documents/iuhgbnmkj/static-eu.insales.ru/images/products/1/8046/113418094/large_rv0078.jpg]
[C:/Users/Андрій/Documents/iuhgbnmkj/static-eu.insales.ru/images/products/1/8034/113418082/large_ei6508.jpg]
[C:/Users/Андрій/Documents/iuhgbnmkj/static-eu.insales.ru/images/products/1/7996/113418044/large_no0734.jpg]
[C:/Users/Андрій/Documents/iuhgbnmkj/static-eu.insales.ru/images/products/1/8009/113418057/large_tr0229_ls1.jpg]
[C:/Users/Андрій/Documents/iuhgbnmkj/static-eu.insales.ru/images/products/1/7974/113418022/large_ei4827_301.jpg]
[C:/Users/Андрій/Documents/iuhgbnmkj/static-eu.insales.ru/images/products/1/2459/113387931/large_01_amrebelplain_main_1.jpg]
[C:/Users/Андрій/Documents/iuhgbnmkj/static-eu.insales.ru/images/products/1/199/113860807/large_riviera-maison-new-orleans-dresser-l.jpg]
[C:/Users/Андрій/Documents/iuhgbnmkj/static-eu.insales.ru/images/products/1/197/113860805/large_riviera-maison-new-orleans-flat-screen-dresser.jpg]
[C:/Users/Андрій/Documents/iuhgbnmkj/static-eu.insales.ru/images/products/1/4196/113881188/large_комплект.jpg]
[C:/Users/Андрій/Documents/iuhgbnmkj/pleinair.myinsales.ru/collection/all.html]
[C:/Users/Андрій/Documents/iuhgbnmkj/pleinair.myinsales.ru/page/about-us.html]
[C:/Users/Андрій/Documents/iuhgbnmkj/pleinair.myinsales.ru/page/contacts.html]
[C:/Users/Андрій/Documents/iuhgbnmkj/pleinair.myinsales.ru/page/delivery.html]
[C:/Users/Андрій/Documents/iuhgbnmkj/pleinair.myinsales.ru/page/payment.html]
[C:/Users/Андрій/Documents/iuhgbnmkj/static-eu.insales.ru/images/products/1/2249/121276617/medium_large_ei5545.jpg]
[C:/Users/Андрій/Documents/iuhgbnmkj/static-eu.insales.ru/images/products/1/2205/121276573/medium_large_tr0225_3.jpg]
[C:/Users/Андрій/Documents/iuhgbnmkj/static-eu.insales.ru/images/products/1/2288/113428720/large_ei4828ls3_1_.jpg]
[C:/Users/Андрій/Documents/iuhgbnmkj/static-eu.insales.ru/images/products/1/6671/113506831/large_ei6510.jpg]
[C:/Users/Андрій/Documents/iuhgbnmkj/pleinair.myinsales.ru/collection/divany.html]
[C:/Users/Андрій/Documents/iuhgbnmkj/pleinair.myinsales.ru/collection/dizajnerskie-divany.html]
[C:/Users/Андрій/Documents/iuhgbnmkj/static-eu.insales.ru/images/products/1/6682/113506842/large_ei5674.jpg]
[C:/Users/Андрій/Documents/iuhgbnmkj/static-eu.insales.ru/images/products/1/6654/113506814/large_ei6708_1.jpg]
[C:/Users/Андрій/Documents/iuhgbnmkj/static-eu.insales.ru/images/products/1/6642/113506802/large_ei5650.jpg]
[C:/Users/Андрій/Documents/iuhgbnmkj/static-eu.insales.ru/images/products/1/6668/113506828/large_oa0135.jpg]
[C:/Users/Андрій/Documents/iuhgbnmkj/static-eu.insales.ru/images/products/1/6688/113506848/large_rv0089.jpg]
[C:/Users/Андрій/Documents/iuhgbnmkj/pleinair.myinsales.ru/collection/dizajnerskie-kresla.html]
[C:/Users/Андрій/Documents/iuhgbnmkj/static-eu.insales.ru/images/products/1/1523/113518067/large_nut-dining-chair-side_1.jpg]
[C:/Users/Андрій/Documents/iuhgbnmkj/static-eu.insales.ru/images/products/1/1866/113518410/large_td0144ls3_1_1_.jpg]
[C:/Users/Андрій/Documents/iuhgbnmkj/static-eu.insales.ru/images/products/1/4388/113512740/large_nr0036.jpg]
[C:/Users/Андрій/Documents/iuhgbnmkj/static-eu.insales.ru/images/products/1/1443/113509795/large_nr0204.jpg]
[C:/Users/Андрій/Documents/iuhgbnmkj/static-eu.insales.ru/images/products/1/1537/113518081/large_riviera-maison-saint-etienne-dining-chair-2.jpg]
[C:/Users/Андрій/Documents/iuhgbnmkj/pleinair.myinsales.ru/collection/stulya.html]
[C:/Users/Андрій/Documents/iuhgbnmkj/static-eu.insales.ru/images/products/1/171/113860779/large_TIC15.jpg]
[C:/Users/Андрій/Documents/iuhgbnmkj/static-eu.insales.ru/images/products/1/163/113860771/large_riviera-maison-new-orleans-desk.jpg]
[C:/Users/Андрій/Documents/iuhgbnmkj/static-eu.insales.ru/images/products/1/161/113860769/large_riviera-maison-redington-office-desk.jpg]
[C:/Users/Андрій/Documents/iuhgbnmkj/static-eu.insales.ru/images/products/1/166/113860774/large_riviera-maison-long-key-office-desk.jpg]
[C:/Users/Андрій/Documents/iuhgbnmkj/static-eu.insales.ru/images/products/1/172/113860780/large_mt0011.jpg]
[C:/Users/Андрій/Documents/iuhgbnmkj/static-eu.insales.ru/images/products/1/150/113860758/large_sk0224.jpg]
[C:/Users/Андрій/Documents/iuhgbnmkj/static-eu.insales.ru/images/products/1/130/113860738/large_td0395.jpg]
[C:/Users/Андрій/Documents/iuhgbnmkj/static-eu.insales.ru/images/products/1/124/113860732/large_xv4485_xvl-toronto-table.jpg]
[C:/Users/Андрій/Documents/iuhgbnmkj/pleinair.myinsales.ru/collection/stoly.html]
[C:/Users/Андрій/Documents/iuhgbnmkj/static-eu.insales.ru/images/products/1/202/113860810/large_riviera-maison-new-orleans-cabinet.jpg]
[C:/Users/Андрій/Documents/iuhgbnmkj/static-eu.insales.ru/images/products/1/194/113860802/large_riviera-maison-rangez-en-plus-high-cabinet.jpg]
[C:/Users/Андрій/Documents/iuhgbnmkj/static-eu.insales.ru/images/products/1/192/113860800/large_riviera-maison-varsity-cabinet.jpg]
[C:/Users/Андрій/Documents/iuhgbnmkj/static-eu.insales.ru/images/products/1/190/113860798/large_rv0101.jpg]
[C:/Users/Андрій/Documents/iuhgbnmkj/static-eu.insales.ru/images/products/1/183/113860791/large_rv0096.jpg]
[C:/Users/Андрій/Documents/iuhgbnmkj/static-eu.insales.ru/images/products/1/181/113860789/large_xv0336.jpg]
[C:/Users/Андрій/Documents/iuhgbnmkj/pleinair.myinsales.ru/collection/sistemy-hraneniya.html]
[C:/Users/Андрій/Documents/iuhgbnmkj/static-eu.insales.ru/images/products/1/243/113860851/large_td0099_201.jpg]
[C:/Users/Андрій/Documents/iuhgbnmkj/static-eu.insales.ru/images/products/1/223/113860831/large_td0427.jpg]
[C:/Users/Андрій/Documents/iuhgbnmkj/static-eu.insales.ru/images/products/1/213/113860821/large_td0428.jpg]
[C:/Users/Андрій/Documents/iuhgbnmkj/static-eu.insales.ru/images/products/1/238/113860846/large_td0017.jpg]
[C:/Users/Андрій/Documents/iuhgbnmkj/static-eu.insales.ru/images/products/1/205/113860813/large_td0313.jpg]
[C:/Users/Андрій/Documents/iuhgbnmkj/pleinair.myinsales.ru/collection/osveschenie.html]
[C:/Users/Андрій/Documents/iuhgbnmkj/pleinair.myinsales.ru/collection/komplekty.html]
[C:/Users/Андрій/Documents/iuhgbnmkj/static-eu.insales.ru/images/products/1/2267/121276635/thumb_large_ei6181.jpg]
[C:/Users/Андрій/Documents/iuhgbnmkj/static-eu.insales.ru/images/products/1/7967/113418015/thumb_ei6181ls1.jpg]
[C:/Users/Андрій/Documents/iuhgbnmkj/static-eu.insales.ru/images/products/1/7967/113418015/large_ei6181ls1.jpg]
[C:/Users/Андрій/Documents/iuhgbnmkj/static-eu.insales.ru/images/products/1/2267/121276635/large_ei6181.jpg]
[C:/Users/Андрій/Documents/iuhgbnmkj/static-eu.insales.ru/images/products/1/7967/113418015/ei6181ls1.jpg]
[C:/Users/Андрій/Documents/iuhgbnmkj/pleinair.myinsales.ru/served_assets/captcha_reload.png]
[C:/Users/Андрій/Documents/iuhgbnmkj/pleinair.myinsales.ru/product/divan-marlborough-ot-eichholtz.html]
[C:/Users/Андрій/Documents/iuhgbnmkj/static-eu.insales.ru/images/products/1/2249/121276617/thumb_large_ei5545.jpg]
[C:/Users/Андрій/Documents/iuhgbnmkj/static-eu.insales.ru/images/products/1/676/113418916/thumb_ei5547_1_.jpg]
[C:/Users/Андрій/Documents/iuhgbnmkj/static-eu.insales.ru/images/products/1/676/113418916/large_ei5547_1_.jpg]
[C:/Users/Андрій/Documents/iuhgbnmkj/static-eu.insales.ru/images/products/1/2249/121276617/large_ei5545.jpg]
[C:/Users/Андрій/Documents/iuhgbnmkj/static-eu.insales.ru/images/products/1/676/113418916/ei5547_1_.jpg]
[C:/Users/Андрій/Documents/iuhgbnmkj/pleinair.myinsales.ru/product/divan-panama-sand-ot-eichholtz.html]
[C:/Users/Андрій/Documents/iuhgbnmkj/static-eu.insales.ru/images/products/1/6647/113506807/ei6542.jpg]
[C:/Users/Андрій/Documents/iuhgbnmkj/pleinair.myinsales.ru/product/kreslo-cliveden-ot-eichholtz.html]
[C:/Users/Андрій/Documents/iuhgbnmkj/static-eu.insales.ru/images/products/1/2134/121276502/thumb_large_to0284.jpg]
[C:/Users/Андрій/Documents/iuhgbnmkj/static-eu.insales.ru/images/products/1/1544/113518088/thumb_to0284ls1.jpg]
[C:/Users/Андрій/Documents/iuhgbnmkj/static-eu.insales.ru/images/products/1/1544/113518088/large_to0284ls1.jpg]
[C:/Users/Андрій/Documents/iuhgbnmkj/static-eu.insales.ru/images/products/1/1547/113518091/thumb_01_to0284ls4.jpg]
[C:/Users/Андрій/Documents/iuhgbnmkj/static-eu.insales.ru/images/products/1/1547/113518091/large_01_to0284ls4.jpg]
[C:/Users/Андрій/Documents/iuhgbnmkj/static-eu.insales.ru/images/products/1/1551/113518095/thumb_01_to0284ls1.jpg]
[C:/Users/Андрій/Documents/iuhgbnmkj/static-eu.insales.ru/images/products/1/1551/113518095/large_01_to0284ls1.jpg]
[C:/Users/Андрій/Documents/iuhgbnmkj/static-eu.insales.ru/images/products/1/2134/121276502/large_to0284.jpg]
[C:/Users/Андрій/Documents/iuhgbnmkj/static-eu.insales.ru/images/products/1/1544/113518088/to0284ls1.jpg]
[C:/Users/Андрій/Documents/iuhgbnmkj/static-eu.insales.ru/images/products/1/1547/113518091/01_to0284ls4.jpg]
[C:/Users/Андрій/Documents/iuhgbnmkj/static-eu.insales.ru/images/products/1/1551/113518095/01_to0284ls1.jpg]
[C:/Users/Андрій/Documents/iuhgbnmkj/pleinair.myinsales.ru/product/stul-pit.html]
[C:/Users/Андрій/Documents/iuhgbnmkj/pleinair.myinsales.ru/blogs/blog/third.html]
[C:/Users/Андрій/Documents/iuhgbnmkj/pleinair.myinsales.ru/blogs/blog/second.html]
[C:/Users/Андрій/Documents/iuhgbnmkj/pleinair.myinsales.ru/blogs/blog/first.html]
[C:/Users/Андрій/Documents/iuhgbnmkj/pleinair.myinsales.ru/page/politika-konfidentsialnosti-i-oferta.html]
[C:/Users/Андрій/Documents/iuhgbnmkj/pleinair.myinsales.ru/page/agreement.html]
[C:/Users/Андрій/Documents/iuhgbnmkj/pleinair.myinsales.ru/page/usloviya-obmena-i-vozvrata.html]
[C:/Users/Андрій/Documents/iuhgbnmkj/pleinair.myinsales.ru/blogs/blog.html]
[C:/Users/Андрій/Documents/iuhgbnmkj/pleinair.myinsales.ru/page/feedback.html]
[C:/Users/Андрій/Documents/iuhgbnmkj/pleinair.myinsales.ru/served_assets/museo-sans/MuseoSansLight.eot]
[C:/Users/Андрій/Documents/iuhgbnmkj/pleinair.myinsales.ru/served_assets/museo-sans/MuseoSansLightd41d.eot]
[C:/Users/Андрій/Documents/iuhgbnmkj/pleinair.myinsales.ru/served_assets/museo-sans/MuseoSansLight.woff]
[C:/Users/Андрій/Documents/iuhgbnmkj/pleinair.myinsales.ru/served_assets/museo-sans/MuseoSansLight.ttf]
[C:/Users/Андрій/Documents/iuhgbnmkj/pleinair.myinsales.ru/served_assets/museo-sans/MuseoSansRegular.eot]
[C:/Users/Андрій/Documents/iuhgbnmkj/pleinair.myinsales.ru/served_assets/museo-sans/MuseoSansRegulard41d.eot]
[C:/Users/Андрій/Documents/iuhgbnmkj/pleinair.myinsales.ru/served_assets/museo-sans/MuseoSansRegular.woff]
[C:/Users/Андрій/Documents/iuhgbnmkj/pleinair.myinsales.ru/served_assets/museo-sans/MuseoSansRegular.ttf]
[C:/Users/Андрій/Documents/iuhgbnmkj/pleinair.myinsales.ru/served_assets/museo-sans/MuseoSansMedium.eot]
[C:/Users/Андрій/Documents/iuhgbnmkj/pleinair.myinsales.ru/served_assets/museo-sans/MuseoSansMediumd41d.eot]
[C:/Users/Андрій/Documents/iuhgbnmkj/pleinair.myinsales.ru/served_assets/museo-sans/MuseoSansMedium.woff]
[C:/Users/Андрій/Documents/iuhgbnmkj/pleinair.myinsales.ru/served_assets/museo-sans/MuseoSansMedium.ttf]
[C:/Users/Андрій/Documents/iuhgbnmkj/pleinair.myinsales.ru/served_assets/museo-sans/MuseoSansBold.eot]
[C:/Users/Андрій/Documents/iuhgbnmkj/pleinair.myinsales.ru/served_assets/museo-sans/MuseoSansBoldd41d.eot]
[C:/Users/Андрій/Documents/iuhgbnmkj/pleinair.myinsales.ru/served_assets/museo-sans/MuseoSansBold.woff]
[C:/Users/Андрій/Documents/iuhgbnmkj/pleinair.myinsales.ru/served_assets/museo-sans/MuseoSansBold.ttf]
[C:/Users/Андрій/Documents/iuhgbnmkj/pleinair.myinsales.ru/served_assets/glyphicons/glyphicons-regular.eot]
[C:/Users/Андрій/Documents/iuhgbnmkj/pleinair.myinsales.ru/served_assets/glyphicons/glyphicons-regulard41d.eot]
[C:/Users/Андрій/Documents/iuhgbnmkj/pleinair.myinsales.ru/served_assets/glyphicons/glyphicons-regular.woff2]
[C:/Users/Андрій/Documents/iuhgbnmkj/pleinair.myinsales.ru/served_assets/glyphicons/glyphicons-regular.woff]
[C:/Users/Андрій/Documents/iuhgbnmkj/pleinair.myinsales.ru/served_assets/glyphicons/glyphicons-regular.ttf]
[C:/Users/Андрій/Documents/iuhgbnmkj/pleinair.myinsales.ru/served_assets/glyphicons/glyphicons-halflings-regular.eot]
[C:/Users/Андрій/Documents/iuhgbnmkj/pleinair.myinsales.ru/served_assets/glyphicons/glyphicons-halflings-regulard41d.eot]
[C:/Users/Андрій/Documents/iuhgbnmkj/pleinair.myinsales.ru/served_assets/glyphicons/glyphicons-halflings-regular.woff2]
[C:/Users/Андрій/Documents/iuhgbnmkj/pleinair.myinsales.ru/served_assets/glyphicons/glyphicons-halflings-regular.woff]
[C:/Users/Андрій/Documents/iuhgbnmkj/pleinair.myinsales.ru/served_assets/glyphicons/glyphicons-halflings-regular.ttf]
[C:/Users/Андрій/Documents/iuhgbnmkj/pleinair.myinsales.ru/served_assets/glyphicons/glyphicons-filetypes-regular.eot]
[C:/Users/Андрій/Documents/iuhgbnmkj/pleinair.myinsales.ru/served_assets/glyphicons/glyphicons-filetypes-regulard41d.eot]
[C:/Users/Андрій/Documents/iuhgbnmkj/pleinair.myinsales.ru/served_assets/glyphicons/glyphicons-filetypes-regular.woff2]
[C:/Users/Андрій/Documents/iuhgbnmkj/pleinair.myinsales.ru/served_assets/glyphicons/glyphicons-filetypes-regular.woff]
[C:/Users/Андрій/Documents/iuhgbnmkj/pleinair.myinsales.ru/served_assets/glyphicons/glyphicons-filetypes-regular.ttf]
[C:/Users/Андрій/Documents/iuhgbnmkj/pleinair.myinsales.ru/served_assets/logo-s-white-0b1e694e5e7e97e299fac338ca367384.png]
[C:/Users/Андрій/Documents/iuhgbnmkj/pleinair.myinsales.ru/served_assets/shopberry2/logo_bg-960d8df8fb803f1290e006ba1fbd4919.png]
[C:/Users/Андрій/Documents/iuhgbnmkj/pleinair.myinsales.ru/served_assets/shop/insales_panel-81561ac970638b7f6fde83d24232c51a.css]
[C:/Users/Андрій/Documents/iuhgbnmkj/pleinair.myinsales.ru/served_assets/shop/demoshop_panel-018564ef5c99ab59c0936b1891ba38e6.css]
[C:/Users/Андрій/Documents/iuhgbnmkj/assets3.insales.ru/assets/1/5785/915097/1519699092/lines-tile.html]
[C:/Users/Андрій/Documents/iuhgbnmkj/pleinair.myinsales.ru/collection/'/page/oferta'.html]
[C:/Users/Андрій/Documents/iuhgbnmkj/static-eu.insales.ru/images/products/1/7983/113418031/thumb_01_amarmstrongsofuj_main_2.jpg]
[C:/Users/Андрій/Documents/iuhgbnmkj/static-eu.insales.ru/images/products/1/7989/113418037/thumb_01_amarmstrongsofuj_product02.jpg]
[C:/Users/Андрій/Documents/iuhgbnmkj/static-eu.insales.ru/images/products/1/7989/113418037/large_01_amarmstrongsofuj_product02.jpg]
[C:/Users/Андрій/Documents/iuhgbnmkj/static-eu.insales.ru/images/products/1/7983/113418031/01_amarmstrongsofuj_main_2.jpg]
[C:/Users/Андрій/Documents/iuhgbnmkj/static-eu.insales.ru/images/products/1/7989/113418037/01_amarmstrongsofuj_product02.jpg]
[C:/Users/Андрій/Documents/iuhgbnmkj/pleinair.myinsales.ru/product/divan-armstrong-union-jack-ot-andrew-martin.html]
[C:/Users/Андрій/Documents/iuhgbnmkj/static-eu.insales.ru/images/products/1/8046/113418094/thumb_rv0078.jpg]
[C:/Users/Андрій/Documents/iuhgbnmkj/static-eu.insales.ru/images/products/1/8055/113418103/thumb_rv0078_ls1.jpg]
[C:/Users/Андрій/Documents/iuhgbnmkj/static-eu.insales.ru/images/products/1/8055/113418103/large_rv0078_ls1.jpg]
[C:/Users/Андрій/Documents/iuhgbnmkj/static-eu.insales.ru/images/products/1/8046/113418094/rv0078.jpg]
[C:/Users/Андрій/Documents/iuhgbnmkj/static-eu.insales.ru/images/products/1/8055/113418103/rv0078_ls1.jpg]
[C:/Users/Андрій/Documents/iuhgbnmkj/pleinair.myinsales.ru/product/divan-astley.html]
[C:/Users/Андрій/Documents/iuhgbnmkj/static-eu.insales.ru/images/products/1/8034/113418082/ei6508.jpg]
[C:/Users/Андрій/Documents/iuhgbnmkj/pleinair.myinsales.ru/product/divan-bouton-ot-eichholtz.html]
[C:/Users/Андрій/Documents/iuhgbnmkj/static-eu.insales.ru/images/products/1/7996/113418044/thumb_no0734.jpg]
[C:/Users/Андрій/Documents/iuhgbnmkj/static-eu.insales.ru/images/products/1/603/113418843/thumb_no0736_1_.jpg]
[C:/Users/Андрій/Documents/iuhgbnmkj/static-eu.insales.ru/images/products/1/603/113418843/large_no0736_1_.jpg]
[C:/Users/Андрій/Documents/iuhgbnmkj/static-eu.insales.ru/images/products/1/626/113418866/thumb_no0732_1_1_.jpg]
[C:/Users/Андрій/Documents/iuhgbnmkj/static-eu.insales.ru/images/products/1/626/113418866/large_no0732_1_1_.jpg]
[C:/Users/Андрій/Documents/iuhgbnmkj/static-eu.insales.ru/images/products/1/7996/113418044/no0734.jpg]
[C:/Users/Андрій/Documents/iuhgbnmkj/static-eu.insales.ru/images/products/1/603/113418843/no0736_1_.jpg]
[C:/Users/Андрій/Documents/iuhgbnmkj/static-eu.insales.ru/images/products/1/626/113418866/no0732_1_1_.jpg]
[C:/Users/Андрій/Documents/iuhgbnmkj/pleinair.myinsales.ru/product/divan-copenhagen.html]
[C:/Users/Андрій/Documents/iuhgbnmkj/static-eu.insales.ru/images/products/1/8009/113418057/thumb_tr0229_ls1.jpg]
[C:/Users/Андрій/Documents/iuhgbnmkj/static-eu.insales.ru/images/products/1/8015/113418063/thumb_tr0231ls1.jpg]
[C:/Users/Андрій/Documents/iuhgbnmkj/static-eu.insales.ru/images/products/1/8015/113418063/large_tr0231ls1.jpg]
[C:/Users/Андрій/Documents/iuhgbnmkj/static-eu.insales.ru/images/products/1/8023/113418071/thumb_tr0231_2.jpg]
[C:/Users/Андрій/Documents/iuhgbnmkj/static-eu.insales.ru/images/products/1/8023/113418071/large_tr0231_2.jpg]
[C:/Users/Андрій/Documents/iuhgbnmkj/static-eu.insales.ru/images/products/1/8009/113418057/tr0229_ls1.jpg]
[C:/Users/Андрій/Documents/iuhgbnmkj/static-eu.insales.ru/images/products/1/8015/113418063/tr0231ls1.jpg]
[C:/Users/Андрій/Documents/iuhgbnmkj/static-eu.insales.ru/images/products/1/8023/113418071/tr0231_2.jpg]
[C:/Users/Андрій/Documents/iuhgbnmkj/pleinair.myinsales.ru/product/divan-fly-2.html]
[C:/Users/Андрій/Documents/iuhgbnmkj/static-eu.insales.ru/images/products/1/7974/113418022/ei4827_301.jpg]
[C:/Users/Андрій/Documents/iuhgbnmkj/pleinair.myinsales.ru/product/divan-paolo-ot-eichholtz.html]
[C:/Users/Андрій/Documents/iuhgbnmkj/static-eu.insales.ru/images/products/1/2459/113387931/thumb_01_amrebelplain_main_1.jpg]
[C:/Users/Андрій/Documents/iuhgbnmkj/static-eu.insales.ru/images/products/1/2460/113387932/thumb_am3086_ls1_201.jpg]
[C:/Users/Андрій/Documents/iuhgbnmkj/static-eu.insales.ru/images/products/1/2460/113387932/large_am3086_ls1_201.jpg]
[C:/Users/Андрій/Documents/iuhgbnmkj/static-eu.insales.ru/images/products/1/2461/113387933/thumb_am3086_ls2_201.jpg]
[C:/Users/Андрій/Documents/iuhgbnmkj/static-eu.insales.ru/images/products/1/2461/113387933/large_am3086_ls2_201.jpg]
[C:/Users/Андрій/Documents/iuhgbnmkj/static-eu.insales.ru/images/products/1/2462/113387934/thumb_am3086_ls3_201.jpg]
[C:/Users/Андрій/Documents/iuhgbnmkj/static-eu.insales.ru/images/products/1/2462/113387934/large_am3086_ls3_201.jpg]
[C:/Users/Андрій/Documents/iuhgbnmkj/static-eu.insales.ru/images/products/1/2459/113387931/01_amrebelplain_main_1.jpg]
[C:/Users/Андрій/Documents/iuhgbnmkj/static-eu.insales.ru/images/products/1/2460/113387932/am3086_ls1_201.jpg]
[C:/Users/Андрій/Documents/iuhgbnmkj/static-eu.insales.ru/images/products/1/2461/113387933/am3086_ls2_201.jpg]
[C:/Users/Андрій/Documents/iuhgbnmkj/static-eu.insales.ru/images/products/1/2462/113387934/am3086_ls3_201.jpg]
[C:/Users/Андрій/Documents/iuhgbnmkj/pleinair.myinsales.ru/product/divan-rebel-ot-andrew-martin.html]
[C:/Users/Андрій/Documents/iuhgbnmkj/static-eu.insales.ru/images/products/1/199/113860807/riviera-maison-new-orleans-dresser-l.jpg]
[C:/Users/Андрій/Documents/iuhgbnmkj/pleinair.myinsales.ru/product/shkaf-riviera-maison-new-orleans-dresser-l.html]
[C:/Users/Андрій/Documents/iuhgbnmkj/static-eu.insales.ru/images/products/1/197/113860805/riviera-maison-new-orleans-flat-screen-dresser.jpg]
[C:/Users/Андрій/Documents/iuhgbnmkj/pleinair.myinsales.ru/product/shkaf-riviera-maison-new-orleans-flat-screen-dresser.html]
[C:/Users/Андрій/Documents/iuhgbnmkj/static-eu.insales.ru/images/products/1/4196/113881188/thumb_комплект.jpg]
[C:/Users/Андрій/Documents/iuhgbnmkj/static-eu.insales.ru/images/products/1/4344/113520888/thumb_ei6508_1_.jpg]
[C:/Users/Андрій/Documents/iuhgbnmkj/static-eu.insales.ru/images/products/1/4344/113520888/large_ei6508_1_.jpg]
[C:/Users/Андрій/Documents/iuhgbnmkj/static-eu.insales.ru/images/products/1/4324/113520868/thumb_ei6510_1_.jpg]
[C:/Users/Андрій/Documents/iuhgbnmkj/static-eu.insales.ru/images/products/1/4324/113520868/large_ei6510_1_.jpg]
[C:/Users/Андрій/Documents/iuhgbnmkj/static-eu.insales.ru/images/products/1/4196/113881188/комплект.jpg]
[C:/Users/Андрій/Documents/iuhgbnmkj/static-eu.insales.ru/images/products/1/4344/113520888/ei6508_1_.jpg]
[C:/Users/Андрій/Documents/iuhgbnmkj/static-eu.insales.ru/images/products/1/4324/113520868/ei6510_1_.jpg]
[C:/Users/Андрій/Documents/iuhgbnmkj/pleinair.myinsales.ru/product/komplekt-mebeli-bouton.html]
[C:/Users/Андрій/Documents/iuhgbnmkj/pleinair.myinsales.ru/collection/all4658.html]
[C:/Users/Андрій/Documents/iuhgbnmkj/pleinair.myinsales.ru/collection/all9ba9.html]
[C:/Users/Андрій/Documents/iuhgbnmkj/pleinair.myinsales.ru/collection/allfdb0.html]
[C:/Users/Андрій/Documents/iuhgbnmkj/pleinair.myinsales.ru/page/'/page/oferta'.html]
[C:/Users/Андрій/Documents/iuhgbnmkj/static-eu.insales.ru/images/products/1/2288/113428720/thumb_ei4828ls3_1_.jpg]
[C:/Users/Андрій/Documents/iuhgbnmkj/static-eu.insales.ru/images/products/1/2474/113428906/thumb_ei_lifestyle11_1_.jpg]
[C:/Users/Андрій/Documents/iuhgbnmkj/static-eu.insales.ru/images/products/1/2474/113428906/large_ei_lifestyle11_1_.jpg]
[C:/Users/Андрій/Documents/iuhgbnmkj/static-eu.insales.ru/images/products/1/2588/113429020/thumb_ei_lifestyle15_1_.jpg]
[C:/Users/Андрій/Documents/iuhgbnmkj/static-eu.insales.ru/images/products/1/2588/113429020/large_ei_lifestyle15_1_.jpg]
[C:/Users/Андрій/Documents/iuhgbnmkj/static-eu.insales.ru/images/products/1/2687/113429119/thumb_ei_lifestyle8_3_1_.jpg]
[C:/Users/Андрій/Documents/iuhgbnmkj/static-eu.insales.ru/images/products/1/2687/113429119/large_ei_lifestyle8_3_1_.jpg]
[C:/Users/Андрій/Documents/iuhgbnmkj/static-eu.insales.ru/images/products/1/2288/113428720/ei4828ls3_1_.jpg]
[C:/Users/Андрій/Documents/iuhgbnmkj/static-eu.insales.ru/images/products/1/2474/113428906/ei_lifestyle11_1_.jpg]
[C:/Users/Андрій/Documents/iuhgbnmkj/static-eu.insales.ru/images/products/1/2588/113429020/ei_lifestyle15_1_.jpg]
[C:/Users/Андрій/Documents/iuhgbnmkj/static-eu.insales.ru/images/products/1/2687/113429119/ei_lifestyle8_3_1_.jpg]
[C:/Users/Андрій/Documents/iuhgbnmkj/pleinair.myinsales.ru/product/kreslo-paolo-ot-eichholtz.html]
[C:/Users/Андрій/Documents/iuhgbnmkj/static-eu.insales.ru/images/products/1/6671/113506831/ei6510.jpg]
[C:/Users/Андрій/Documents/iuhgbnmkj/pleinair.myinsales.ru/product/kreslo-bouton-ot-eichholtz.html]
[C:/Users/Андрій/Documents/iuhgbnmkj/pleinair.myinsales.ru/collection/divany4658.html]
[C:/Users/Андрій/Documents/iuhgbnmkj/static-eu.insales.ru/images/products/1/2205/121276573/thumb_large_tr0225_3.jpg]
[C:/Users/Андрій/Documents/iuhgbnmkj/static-eu.insales.ru/images/products/1/6644/113506804/thumb_tr0223_1.jpg]
[C:/Users/Андрій/Documents/iuhgbnmkj/static-eu.insales.ru/images/products/1/6644/113506804/large_tr0223_1.jpg]
[C:/Users/Андрій/Documents/iuhgbnmkj/static-eu.insales.ru/images/products/1/6645/113506805/thumb_tr0225ls1_5.jpg]
[C:/Users/Андрій/Documents/iuhgbnmkj/static-eu.insales.ru/images/products/1/6645/113506805/large_tr0225ls1_5.jpg]
[C:/Users/Андрій/Documents/iuhgbnmkj/static-eu.insales.ru/images/products/1/6646/113506806/thumb_tr0225ls2_5.jpg]
[C:/Users/Андрій/Documents/iuhgbnmkj/static-eu.insales.ru/images/products/1/6646/113506806/large_tr0225ls2_5.jpg]
[C:/Users/Андрій/Documents/iuhgbnmkj/static-eu.insales.ru/images/products/1/2205/121276573/large_tr0225_3.jpg]
[C:/Users/Андрій/Documents/iuhgbnmkj/static-eu.insales.ru/images/products/1/6644/113506804/tr0223_1.jpg]
[C:/Users/Андрій/Documents/iuhgbnmkj/static-eu.insales.ru/images/products/1/6645/113506805/tr0225ls1_5.jpg]
[C:/Users/Андрій/Documents/iuhgbnmkj/static-eu.insales.ru/images/products/1/6646/113506806/tr0225ls2_5.jpg]
[C:/Users/Андрій/Documents/iuhgbnmkj/pleinair.myinsales.ru/product/kreslo-fly-1.html]
[C:/Users/Андрій/Documents/iuhgbnmkj/static-eu.insales.ru/images/products/1/6682/113506842/ei5674.jpg]
[C:/Users/Андрій/Documents/iuhgbnmkj/pleinair.myinsales.ru/product/kreslo-franco-ot-eichholtz.html]
[C:/Users/Андрій/Documents/iuhgbnmkj/static-eu.insales.ru/images/products/1/6654/113506814/thumb_ei6708_1.jpg]
[C:/Users/Андрій/Documents/iuhgbnmkj/static-eu.insales.ru/images/products/1/6656/113506816/thumb_ei6708_ls1_1.jpg]
[C:/Users/Андрій/Documents/iuhgbnmkj/static-eu.insales.ru/images/products/1/6656/113506816/large_ei6708_ls1_1.jpg]
[C:/Users/Андрій/Documents/iuhgbnmkj/static-eu.insales.ru/images/products/1/6659/113506819/thumb_ei6708_ls2_1.jpg]
[C:/Users/Андрій/Documents/iuhgbnmkj/static-eu.insales.ru/images/products/1/6659/113506819/large_ei6708_ls2_1.jpg]
[C:/Users/Андрій/Documents/iuhgbnmkj/static-eu.insales.ru/images/products/1/6663/113506823/thumb_ei6708_ls3_1.jpg]
[C:/Users/Андрій/Documents/iuhgbnmkj/static-eu.insales.ru/images/products/1/6663/113506823/large_ei6708_ls3_1.jpg]
[C:/Users/Андрій/Documents/iuhgbnmkj/static-eu.insales.ru/images/products/1/6652/113506812/thumb_ei6709.jpg]
[C:/Users/Андрій/Documents/iuhgbnmkj/static-eu.insales.ru/images/products/1/6652/113506812/large_ei6709.jpg]
[C:/Users/Андрій/Documents/iuhgbnmkj/static-eu.insales.ru/images/products/1/6666/113506826/thumb_ei6709_ls1.jpg]
[C:/Users/Андрій/Documents/iuhgbnmkj/static-eu.insales.ru/images/products/1/6666/113506826/large_ei6709_ls1.jpg]
[C:/Users/Андрій/Documents/iuhgbnmkj/static-eu.insales.ru/images/products/1/6654/113506814/ei6708_1.jpg]
[C:/Users/Андрій/Documents/iuhgbnmkj/static-eu.insales.ru/images/products/1/6656/113506816/ei6708_ls1_1.jpg]
[C:/Users/Андрій/Documents/iuhgbnmkj/static-eu.insales.ru/images/products/1/6659/113506819/ei6708_ls2_1.jpg]
[C:/Users/Андрій/Documents/iuhgbnmkj/static-eu.insales.ru/images/products/1/6663/113506823/ei6708_ls3_1.jpg]
[C:/Users/Андрій/Documents/iuhgbnmkj/static-eu.insales.ru/images/products/1/6652/113506812/ei6709.jpg]
[C:/Users/Андрій/Documents/iuhgbnmkj/static-eu.insales.ru/images/products/1/6666/113506826/ei6709_ls1.jpg]
[C:/Users/Андрій/Documents/iuhgbnmkj/pleinair.myinsales.ru/product/kreslo-hallandale-ot-eichholtz.html]
[C:/Users/Андрій/Documents/iuhgbnmkj/static-eu.insales.ru/images/products/1/6642/113506802/ei5650.jpg]
[C:/Users/Андрій/Documents/iuhgbnmkj/pleinair.myinsales.ru/product/kreslo-dawson-ot-eichholtz.html]
[C:/Users/Андрій/Documents/iuhgbnmkj/static-eu.insales.ru/images/products/1/6668/113506828/oa0135.jpg]
[C:/Users/Андрій/Documents/iuhgbnmkj/pleinair.myinsales.ru/product/kreslo-sloped.html]
[C:/Users/Андрій/Documents/iuhgbnmkj/static-eu.insales.ru/images/products/1/6688/113506848/thumb_rv0089.jpg]
[C:/Users/Андрій/Documents/iuhgbnmkj/static-eu.insales.ru/images/products/1/6685/113506845/thumb_rv0087.jpg]
[C:/Users/Андрій/Documents/iuhgbnmkj/static-eu.insales.ru/images/products/1/6685/113506845/large_rv0087.jpg]
[C:/Users/Андрій/Documents/iuhgbnmkj/static-eu.insales.ru/images/products/1/6688/113506848/rv0089.jpg]
[C:/Users/Андрій/Documents/iuhgbnmkj/static-eu.insales.ru/images/products/1/6685/113506845/rv0087.jpg]
[C:/Users/Андрій/Documents/iuhgbnmkj/pleinair.myinsales.ru/product/kreslo-lisette.html]
[C:/Users/Андрій/Documents/iuhgbnmkj/static-eu.insales.ru/images/products/1/1523/113518067/thumb_nut-dining-chair-side_1.jpg]
[C:/Users/Андрій/Documents/iuhgbnmkj/static-eu.insales.ru/images/products/1/1527/113518071/thumb_bodhi-container-table-and-nut-dining-chair_1.jpg]
[C:/Users/Андрій/Documents/iuhgbnmkj/static-eu.insales.ru/images/products/1/1527/113518071/large_bodhi-container-table-and-nut-dining-chair_1.jpg]
[C:/Users/Андрій/Documents/iuhgbnmkj/static-eu.insales.ru/images/products/1/1531/113518075/thumb_nut-dining-chair.jpg]
[C:/Users/Андрій/Documents/iuhgbnmkj/static-eu.insales.ru/images/products/1/1531/113518075/large_nut-dining-chair.jpg]
[C:/Users/Андрій/Documents/iuhgbnmkj/static-eu.insales.ru/images/products/1/1523/113518067/nut-dining-chair-side_1.jpg]
[C:/Users/Андрій/Documents/iuhgbnmkj/static-eu.insales.ru/images/products/1/1527/113518071/bodhi-container-table-and-nut-dining-chair_1.jpg]
[C:/Users/Андрій/Documents/iuhgbnmkj/static-eu.insales.ru/images/products/1/1531/113518075/nut-dining-chair.jpg]
[C:/Users/Андрій/Documents/iuhgbnmkj/pleinair.myinsales.ru/product/stul-nut.html]
[C:/Users/Андрій/Documents/iuhgbnmkj/static-eu.insales.ru/images/products/1/1866/113518410/thumb_td0144ls3_1_1_.jpg]
[C:/Users/Андрій/Documents/iuhgbnmkj/static-eu.insales.ru/images/products/1/1961/113518505/thumb_td0143ls1_1_.jpg]
[C:/Users/Андрій/Documents/iuhgbnmkj/static-eu.insales.ru/images/products/1/1961/113518505/large_td0143ls1_1_.jpg]
[C:/Users/Андрій/Documents/iuhgbnmkj/static-eu.insales.ru/images/products/1/1878/113518422/thumb_td0144_1_1_.jpg]
[C:/Users/Андрій/Documents/iuhgbnmkj/static-eu.insales.ru/images/products/1/1878/113518422/large_td0144_1_1_.jpg]
[C:/Users/Андрій/Documents/iuhgbnmkj/static-eu.insales.ru/images/products/1/1916/113518460/thumb_td0143_1_.jpg]
[C:/Users/Андрій/Documents/iuhgbnmkj/static-eu.insales.ru/images/products/1/1916/113518460/large_td0143_1_.jpg]
[C:/Users/Андрій/Documents/iuhgbnmkj/static-eu.insales.ru/images/products/1/1896/113518440/thumb_td0144ls5_1_1_.jpg]
[C:/Users/Андрій/Documents/iuhgbnmkj/static-eu.insales.ru/images/products/1/1896/113518440/large_td0144ls5_1_1_.jpg]
[C:/Users/Андрій/Documents/iuhgbnmkj/static-eu.insales.ru/images/products/1/1946/113518490/thumb_td0143ls2_1_.jpg]
[C:/Users/Андрій/Documents/iuhgbnmkj/static-eu.insales.ru/images/products/1/1946/113518490/large_td0143ls2_1_.jpg]
[C:/Users/Андрій/Documents/iuhgbnmkj/static-eu.insales.ru/images/products/1/1866/113518410/td0144ls3_1_1_.jpg]
[C:/Users/Андрій/Documents/iuhgbnmkj/static-eu.insales.ru/images/products/1/1961/113518505/td0143ls1_1_.jpg]
[C:/Users/Андрій/Documents/iuhgbnmkj/static-eu.insales.ru/images/products/1/1878/113518422/td0144_1_1_.jpg]
[C:/Users/Андрій/Documents/iuhgbnmkj/static-eu.insales.ru/images/products/1/1916/113518460/td0143_1_.jpg]
[C:/Users/Андрій/Documents/iuhgbnmkj/static-eu.insales.ru/images/products/1/1896/113518440/td0144ls5_1_1_.jpg]
[C:/Users/Андрій/Documents/iuhgbnmkj/static-eu.insales.ru/images/products/1/1946/113518490/td0143ls2_1_.jpg]
[C:/Users/Андрій/Documents/iuhgbnmkj/pleinair.myinsales.ru/product/stul-fan.html]
[C:/Users/Андрій/Documents/iuhgbnmkj/static-eu.insales.ru/images/products/1/4388/113512740/thumb_nr0036.jpg]
[C:/Users/Андрій/Documents/iuhgbnmkj/static-eu.insales.ru/images/products/1/4395/113512747/thumb_nr0039.jpg]
[C:/Users/Андрій/Documents/iuhgbnmkj/static-eu.insales.ru/images/products/1/4395/113512747/large_nr0039.jpg]
[C:/Users/Андрій/Documents/iuhgbnmkj/static-eu.insales.ru/images/products/1/4398/113512750/thumb_nr0038.jpg]
[C:/Users/Андрій/Documents/iuhgbnmkj/static-eu.insales.ru/images/products/1/4398/113512750/large_nr0038.jpg]
[C:/Users/Андрій/Documents/iuhgbnmkj/static-eu.insales.ru/images/products/1/4392/113512744/thumb_nr0036_ls1.jpg]
[C:/Users/Андрій/Documents/iuhgbnmkj/static-eu.insales.ru/images/products/1/4392/113512744/large_nr0036_ls1.jpg]
[C:/Users/Андрій/Documents/iuhgbnmkj/static-eu.insales.ru/images/products/1/4388/113512740/nr0036.jpg]
[C:/Users/Андрій/Documents/iuhgbnmkj/static-eu.insales.ru/images/products/1/4395/113512747/nr0039.jpg]
[C:/Users/Андрій/Documents/iuhgbnmkj/static-eu.insales.ru/images/products/1/4398/113512750/nr0038.jpg]
[C:/Users/Андрій/Documents/iuhgbnmkj/static-eu.insales.ru/images/products/1/4392/113512744/nr0036_ls1.jpg]
[C:/Users/Андрій/Documents/iuhgbnmkj/pleinair.myinsales.ru/product/stul-norr.html]
[C:/Users/Андрій/Documents/iuhgbnmkj/static-eu.insales.ru/images/products/1/1443/113509795/thumb_nr0204.jpg]
[C:/Users/Андрій/Documents/iuhgbnmkj/static-eu.insales.ru/images/products/1/1430/113509782/thumb_nr0200.jpg]
[C:/Users/Андрій/Documents/iuhgbnmkj/static-eu.insales.ru/images/products/1/1430/113509782/large_nr0200.jpg]
[C:/Users/Андрій/Documents/iuhgbnmkj/static-eu.insales.ru/images/products/1/1455/113509807/thumb_nr0202.jpg]
[C:/Users/Андрій/Documents/iuhgbnmkj/static-eu.insales.ru/images/products/1/1455/113509807/large_nr0202.jpg]
[C:/Users/Андрій/Documents/iuhgbnmkj/static-eu.insales.ru/images/products/1/1446/113509798/thumb_nr0204_ls1.jpg]
[C:/Users/Андрій/Documents/iuhgbnmkj/static-eu.insales.ru/images/products/1/1446/113509798/large_nr0204_ls1.jpg]
[C:/Users/Андрій/Documents/iuhgbnmkj/static-eu.insales.ru/images/products/1/1437/113509789/thumb_nr0200_ls1.jpg]
[C:/Users/Андрій/Documents/iuhgbnmkj/static-eu.insales.ru/images/products/1/1437/113509789/large_nr0200_ls1.jpg]
[C:/Users/Андрій/Documents/iuhgbnmkj/static-eu.insales.ru/images/products/1/1458/113509810/thumb_nr0202_ls1.jpg]
[C:/Users/Андрій/Documents/iuhgbnmkj/static-eu.insales.ru/images/products/1/1458/113509810/large_nr0202_ls1.jpg]
[C:/Users/Андрій/Documents/iuhgbnmkj/static-eu.insales.ru/images/products/1/1448/113509800/thumb_nr0204_ls2.jpg]
[C:/Users/Андрій/Documents/iuhgbnmkj/static-eu.insales.ru/images/products/1/1448/113509800/large_nr0204_ls2.jpg]
[C:/Users/Андрій/Documents/iuhgbnmkj/static-eu.insales.ru/images/products/1/1440/113509792/thumb_nr0200_ls2.jpg]
[C:/Users/Андрій/Documents/iuhgbnmkj/static-eu.insales.ru/images/products/1/1440/113509792/large_nr0200_ls2.jpg]
[C:/Users/Андрій/Documents/iuhgbnmkj/static-eu.insales.ru/images/products/1/1462/113509814/thumb_nr0202_ls2.jpg]
[C:/Users/Андрій/Documents/iuhgbnmkj/static-eu.insales.ru/images/products/1/1462/113509814/large_nr0202_ls2.jpg]
[C:/Users/Андрій/Documents/iuhgbnmkj/static-eu.insales.ru/images/products/1/1451/113509803/thumb_nr0204_ls3.jpg]
[C:/Users/Андрій/Documents/iuhgbnmkj/static-eu.insales.ru/images/products/1/1451/113509803/large_nr0204_ls3.jpg]
[C:/Users/Андрій/Documents/iuhgbnmkj/static-eu.insales.ru/images/products/1/1464/113509816/thumb_nr0202_ls3.jpg]
[C:/Users/Андрій/Documents/iuhgbnmkj/static-eu.insales.ru/images/products/1/1464/113509816/large_nr0202_ls3.jpg]
[C:/Users/Андрій/Documents/iuhgbnmkj/static-eu.insales.ru/images/products/1/1443/113509795/nr0204.jpg]
[C:/Users/Андрій/Documents/iuhgbnmkj/static-eu.insales.ru/images/products/1/1430/113509782/nr0200.jpg]
[C:/Users/Андрій/Documents/iuhgbnmkj/static-eu.insales.ru/images/products/1/1455/113509807/nr0202.jpg]
[C:/Users/Андрій/Documents/iuhgbnmkj/static-eu.insales.ru/images/products/1/1446/113509798/nr0204_ls1.jpg]
[C:/Users/Андрій/Documents/iuhgbnmkj/static-eu.insales.ru/images/products/1/1437/113509789/nr0200_ls1.jpg]
[C:/Users/Андрій/Documents/iuhgbnmkj/static-eu.insales.ru/images/products/1/1458/113509810/nr0202_ls1.jpg]
[C:/Users/Андрій/Documents/iuhgbnmkj/static-eu.insales.ru/images/products/1/1448/113509800/nr0204_ls2.jpg]
[C:/Users/Андрій/Documents/iuhgbnmkj/static-eu.insales.ru/images/products/1/1440/113509792/nr0200_ls2.jpg]
[C:/Users/Андрій/Documents/iuhgbnmkj/static-eu.insales.ru/images/products/1/1462/113509814/nr0202_ls2.jpg]
[C:/Users/Андрій/Documents/iuhgbnmkj/static-eu.insales.ru/images/products/1/1451/113509803/nr0204_ls3.jpg]
[C:/Users/Андрій/Documents/iuhgbnmkj/static-eu.insales.ru/images/products/1/1464/113509816/nr0202_ls3.jpg]
[C:/Users/Андрій/Documents/iuhgbnmkj/pleinair.myinsales.ru/product/stul-langue.html]
[C:/Users/Андрій/Documents/iuhgbnmkj/static-eu.insales.ru/images/products/1/1537/113518081/riviera-maison-saint-etienne-dining-chair-2.jpg]
[C:/Users/Андрій/Documents/iuhgbnmkj/pleinair.myinsales.ru/product/stul-riviera.html]
[C:/Users/Андрій/Documents/iuhgbnmkj/static-eu.insales.ru/images/products/1/2115/121276483/large_et0015.jpg]
[C:/Users/Андрій/Documents/iuhgbnmkj/pleinair.myinsales.ru/product/stol-oh-maison-slide-desk.html]
[C:/Users/Андрій/Documents/iuhgbnmkj/static-eu.insales.ru/images/products/1/171/113860779/TIC15.jpg]
[C:/Users/Андрій/Documents/iuhgbnmkj/pleinair.myinsales.ru/product/stol-oh-industrial-recycled-boatwood-desk.html]
[C:/Users/Андрій/Documents/iuhgbnmkj/static-eu.insales.ru/images/products/1/163/113860771/riviera-maison-new-orleans-desk.jpg]
[C:/Users/Андрій/Documents/iuhgbnmkj/pleinair.myinsales.ru/product/stol-riviera-maison-new-orleans-desk.html]
[C:/Users/Андрій/Documents/iuhgbnmkj/static-eu.insales.ru/images/products/1/161/113860769/riviera-maison-redington-office-desk.jpg]
[C:/Users/Андрій/Documents/iuhgbnmkj/pleinair.myinsales.ru/product/stol-riviera-maison-redington-office-desk.html]
[C:/Users/Андрій/Documents/iuhgbnmkj/static-eu.insales.ru/images/products/1/166/113860774/riviera-maison-long-key-office-desk.jpg]
[C:/Users/Андрій/Documents/iuhgbnmkj/pleinair.myinsales.ru/product/stol-riviera-maison-long-key-office-desk.html]
[C:/Users/Андрій/Documents/iuhgbnmkj/static-eu.insales.ru/images/products/1/172/113860780/thumb_mt0011.jpg]
[C:/Users/Андрій/Documents/iuhgbnmkj/static-eu.insales.ru/images/products/1/174/113860782/thumb_mt0011_ls1.jpg]
[C:/Users/Андрій/Documents/iuhgbnmkj/static-eu.insales.ru/images/products/1/174/113860782/large_mt0011_ls1.jpg]
[C:/Users/Андрій/Documents/iuhgbnmkj/static-eu.insales.ru/images/products/1/177/113860785/thumb_mt0011_ls4.jpg]
[C:/Users/Андрій/Documents/iuhgbnmkj/static-eu.insales.ru/images/products/1/177/113860785/large_mt0011_ls4.jpg]
[C:/Users/Андрій/Documents/iuhgbnmkj/static-eu.insales.ru/images/products/1/179/113860787/thumb_mt0011_ls2.jpg]
[C:/Users/Андрій/Documents/iuhgbnmkj/static-eu.insales.ru/images/products/1/179/113860787/large_mt0011_ls2.jpg]
[C:/Users/Андрій/Documents/iuhgbnmkj/static-eu.insales.ru/images/products/1/172/113860780/mt0011.jpg]
[C:/Users/Андрій/Documents/iuhgbnmkj/static-eu.insales.ru/images/products/1/174/113860782/mt0011_ls1.jpg]
[C:/Users/Андрій/Documents/iuhgbnmkj/static-eu.insales.ru/images/products/1/177/113860785/mt0011_ls4.jpg]
[C:/Users/Андрій/Documents/iuhgbnmkj/static-eu.insales.ru/images/products/1/179/113860787/mt0011_ls2.jpg]
[C:/Users/Андрій/Documents/iuhgbnmkj/pleinair.myinsales.ru/product/stol-muuto-7070-desk-white.html]
[C:/Users/Андрій/Documents/iuhgbnmkj/static-eu.insales.ru/images/products/1/150/113860758/thumb_sk0224.jpg]
[C:/Users/Андрій/Documents/iuhgbnmkj/static-eu.insales.ru/images/products/1/151/113860759/thumb_sk0224ls1.jpg]
[C:/Users/Андрій/Documents/iuhgbnmkj/static-eu.insales.ru/images/products/1/151/113860759/large_sk0224ls1.jpg]
[C:/Users/Андрій/Documents/iuhgbnmkj/static-eu.insales.ru/images/products/1/153/113860761/thumb_le0669ls3_2.jpg]
[C:/Users/Андрій/Documents/iuhgbnmkj/static-eu.insales.ru/images/products/1/153/113860761/large_le0669ls3_2.jpg]
[C:/Users/Андрій/Documents/iuhgbnmkj/static-eu.insales.ru/images/products/1/155/113860763/thumb_le0669ls4_2.jpg]
[C:/Users/Андрій/Documents/iuhgbnmkj/static-eu.insales.ru/images/products/1/155/113860763/large_le0669ls4_2.jpg]
[C:/Users/Андрій/Documents/iuhgbnmkj/static-eu.insales.ru/images/products/1/158/113860766/thumb_sk0225ls1.jpg]
[C:/Users/Андрій/Documents/iuhgbnmkj/static-eu.insales.ru/images/products/1/158/113860766/large_sk0225ls1.jpg]
[C:/Users/Андрій/Documents/iuhgbnmkj/static-eu.insales.ru/images/products/1/150/113860758/sk0224.jpg]
[C:/Users/Андрій/Documents/iuhgbnmkj/static-eu.insales.ru/images/products/1/151/113860759/sk0224ls1.jpg]
[C:/Users/Андрій/Documents/iuhgbnmkj/static-eu.insales.ru/images/products/1/153/113860761/le0669ls3_2.jpg]
[C:/Users/Андрій/Documents/iuhgbnmkj/static-eu.insales.ru/images/products/1/155/113860763/le0669ls4_2.jpg]
[C:/Users/Андрій/Documents/iuhgbnmkj/static-eu.insales.ru/images/products/1/158/113860766/sk0225ls1.jpg]
[C:/Users/Андрій/Documents/iuhgbnmkj/pleinair.myinsales.ru/product/stol-skagerak-georg-console-table.html]
[C:/Users/Андрій/Documents/iuhgbnmkj/static-eu.insales.ru/images/products/1/130/113860738/thumb_td0395.jpg]
[C:/Users/Андрій/Documents/iuhgbnmkj/static-eu.insales.ru/images/products/1/132/113860740/thumb_td0395_ls1.jpg]
[C:/Users/Андрій/Documents/iuhgbnmkj/static-eu.insales.ru/images/products/1/132/113860740/large_td0395_ls1.jpg]
[C:/Users/Андрій/Documents/iuhgbnmkj/static-eu.insales.ru/images/products/1/134/113860742/thumb_td0395_ls3.jpg]
[C:/Users/Андрій/Documents/iuhgbnmkj/static-eu.insales.ru/images/products/1/134/113860742/large_td0395_ls3.jpg]
[C:/Users/Андрій/Documents/iuhgbnmkj/static-eu.insales.ru/images/products/1/137/113860745/thumb_td0395_ls4.jpg]
[C:/Users/Андрій/Documents/iuhgbnmkj/static-eu.insales.ru/images/products/1/137/113860745/large_td0395_ls4.jpg]
[C:/Users/Андрій/Documents/iuhgbnmkj/static-eu.insales.ru/images/products/1/141/113860749/thumb_td0396.jpg]
[C:/Users/Андрій/Documents/iuhgbnmkj/static-eu.insales.ru/images/products/1/141/113860749/large_td0396.jpg]
[C:/Users/Андрій/Documents/iuhgbnmkj/static-eu.insales.ru/images/products/1/143/113860751/thumb_td0396_ls1.jpg]
[C:/Users/Андрій/Documents/iuhgbnmkj/static-eu.insales.ru/images/products/1/143/113860751/large_td0396_ls1.jpg]
[C:/Users/Андрій/Documents/iuhgbnmkj/static-eu.insales.ru/images/products/1/145/113860753/thumb_td0396_ls2.jpg]
[C:/Users/Андрій/Documents/iuhgbnmkj/static-eu.insales.ru/images/products/1/145/113860753/large_td0396_ls2.jpg]
[C:/Users/Андрій/Documents/iuhgbnmkj/static-eu.insales.ru/images/products/1/147/113860755/thumb_td0396_ls3.jpg]
[C:/Users/Андрій/Documents/iuhgbnmkj/static-eu.insales.ru/images/products/1/147/113860755/large_td0396_ls3.jpg]
[C:/Users/Андрій/Documents/iuhgbnmkj/static-eu.insales.ru/images/products/1/130/113860738/td0395.jpg]
[C:/Users/Андрій/Documents/iuhgbnmkj/static-eu.insales.ru/images/products/1/132/113860740/td0395_ls1.jpg]
[C:/Users/Андрій/Documents/iuhgbnmkj/static-eu.insales.ru/images/products/1/134/113860742/td0395_ls3.jpg]
[C:/Users/Андрій/Documents/iuhgbnmkj/static-eu.insales.ru/images/products/1/137/113860745/td0395_ls4.jpg]
[C:/Users/Андрій/Documents/iuhgbnmkj/static-eu.insales.ru/images/products/1/141/113860749/td0396.jpg]
[C:/Users/Андрій/Documents/iuhgbnmkj/static-eu.insales.ru/images/products/1/143/113860751/td0396_ls1.jpg]
[C:/Users/Андрій/Documents/iuhgbnmkj/static-eu.insales.ru/images/products/1/145/113860753/td0396_ls2.jpg]
[C:/Users/Андрій/Documents/iuhgbnmkj/static-eu.insales.ru/images/products/1/147/113860755/td0396_ls3.jpg]
[C:/Users/Андрій/Documents/iuhgbnmkj/pleinair.myinsales.ru/product/stol-tom-dixon-slab-desk-oak.html]
[C:/Users/Андрій/Documents/iuhgbnmkj/static-eu.insales.ru/images/products/1/124/113860732/thumb_xv4485_xvl-toronto-table.jpg]
[C:/Users/Андрій/Documents/iuhgbnmkj/static-eu.insales.ru/images/products/1/126/113860734/thumb_xv4485_xvl-toronto-table-lifestyle.jpg]
[C:/Users/Андрій/Documents/iuhgbnmkj/static-eu.insales.ru/images/products/1/126/113860734/large_xv4485_xvl-toronto-table-lifestyle.jpg]
[C:/Users/Андрій/Documents/iuhgbnmkj/static-eu.insales.ru/images/products/1/124/113860732/xv4485_xvl-toronto-table.jpg]
[C:/Users/Андрій/Documents/iuhgbnmkj/static-eu.insales.ru/images/products/1/126/113860734/xv4485_xvl-toronto-table-lifestyle.jpg]
[C:/Users/Андрій/Documents/iuhgbnmkj/pleinair.myinsales.ru/product/stol-xvl-home-collection-toronto-table.html]
[C:/Users/Андрій/Documents/iuhgbnmkj/static-eu.insales.ru/images/products/1/202/113860810/riviera-maison-new-orleans-cabinet.jpg]
[C:/Users/Андрій/Documents/iuhgbnmkj/pleinair.myinsales.ru/product/shkaf-riviera-maison-new-orleans-cabinet.html]
[C:/Users/Андрій/Documents/iuhgbnmkj/static-eu.insales.ru/images/products/1/194/113860802/riviera-maison-rangez-en-plus-high-cabinet.jpg]
[C:/Users/Андрій/Documents/iuhgbnmkj/pleinair.myinsales.ru/product/shkaf-riviera-maison-rangez-en-plus-high-cabinet.html]
[C:/Users/Андрій/Documents/iuhgbnmkj/static-eu.insales.ru/images/products/1/192/113860800/riviera-maison-varsity-cabinet.jpg]
[C:/Users/Андрій/Documents/iuhgbnmkj/pleinair.myinsales.ru/product/shkaf-riviera-maison-varsity-cabinet.html]
[C:/Users/Андрій/Documents/iuhgbnmkj/static-eu.insales.ru/images/products/1/190/113860798/rv0101.jpg]
[C:/Users/Андрій/Documents/iuhgbnmkj/pleinair.myinsales.ru/product/shkaf-rv-astley-esta-biscuit-shagreen-4-drawer-chest.html]
[C:/Users/Андрій/Documents/iuhgbnmkj/static-eu.insales.ru/images/products/1/183/113860791/thumb_rv0096.jpg]
[C:/Users/Андрій/Documents/iuhgbnmkj/static-eu.insales.ru/images/products/1/184/113860792/thumb_rvastley-esta-biscuit-shagreen-cabinet-inner.jpg]
[C:/Users/Андрій/Documents/iuhgbnmkj/static-eu.insales.ru/images/products/1/184/113860792/large_rvastley-esta-biscuit-shagreen-cabinet-inner.jpg]
[C:/Users/Андрій/Documents/iuhgbnmkj/static-eu.insales.ru/images/products/1/187/113860795/thumb_rvastley-esta-biscuit-shagreen-cabinet-inner-doors-open.jpg]
[C:/Users/Андрій/Documents/iuhgbnmkj/static-eu.insales.ru/images/products/1/187/113860795/large_rvastley-esta-biscuit-shagreen-cabinet-inner-doors-open.jpg]
[C:/Users/Андрій/Documents/iuhgbnmkj/static-eu.insales.ru/images/products/1/189/113860797/thumb_rv0096_ls4.jpg]
[C:/Users/Андрій/Documents/iuhgbnmkj/static-eu.insales.ru/images/products/1/189/113860797/large_rv0096_ls4.jpg]
[C:/Users/Андрій/Documents/iuhgbnmkj/static-eu.insales.ru/images/products/1/183/113860791/rv0096.jpg]
[C:/Users/Андрій/Documents/iuhgbnmkj/static-eu.insales.ru/images/products/1/184/113860792/rvastley-esta-biscuit-shagreen-cabinet-inner.jpg]
[C:/Users/Андрій/Documents/iuhgbnmkj/static-eu.insales.ru/images/products/1/187/113860795/rvastley-esta-biscuit-shagreen-cabinet-inner-doors-open.jpg]
[C:/Users/Андрій/Documents/iuhgbnmkj/static-eu.insales.ru/images/products/1/189/113860797/rv0096_ls4.jpg]
[C:/Users/Андрій/Documents/iuhgbnmkj/pleinair.myinsales.ru/product/shkaf-rv-astley-esta-biscuit-shagreen-cabinet.html]
[C:/Users/Андрій/Documents/iuhgbnmkj/static-eu.insales.ru/images/products/1/181/113860789/xv0336.jpg]
[C:/Users/Андрій/Documents/iuhgbnmkj/pleinair.myinsales.ru/product/shkaf-xvl-home-collection-ritz-drinks-cabinet-oak-grey.html]
[C:/Users/Андрій/Documents/iuhgbnmkj/static-eu.insales.ru/images/products/1/243/113860851/thumb_td0099_201.jpg]
[C:/Users/Андрій/Documents/iuhgbnmkj/static-eu.insales.ru/images/products/1/244/113860852/thumb_td0099_101.jpg]
[C:/Users/Андрій/Documents/iuhgbnmkj/static-eu.insales.ru/images/products/1/244/113860852/large_td0099_101.jpg]
[C:/Users/Андрій/Documents/iuhgbnmkj/static-eu.insales.ru/images/products/1/243/113860851/td0099_201.jpg]
[C:/Users/Андрій/Documents/iuhgbnmkj/static-eu.insales.ru/images/products/1/244/113860852/td0099_101.jpg]
[C:/Users/Андрій/Documents/iuhgbnmkj/pleinair.myinsales.ru/product/lampa-heat-pressed-felt.html]
[C:/Users/Андрій/Documents/iuhgbnmkj/static-eu.insales.ru/images/products/1/223/113860831/thumb_td0427.jpg]
[C:/Users/Андрій/Documents/iuhgbnmkj/static-eu.insales.ru/images/products/1/225/113860833/thumb_td0427_ls1.jpg]
[C:/Users/Андрій/Documents/iuhgbnmkj/static-eu.insales.ru/images/products/1/225/113860833/large_td0427_ls1.jpg]
[C:/Users/Андрій/Documents/iuhgbnmkj/static-eu.insales.ru/images/products/1/227/113860835/thumb_td0427_ls2.jpg]
[C:/Users/Андрій/Documents/iuhgbnmkj/static-eu.insales.ru/images/products/1/227/113860835/large_td0427_ls2.jpg]
[C:/Users/Андрій/Documents/iuhgbnmkj/static-eu.insales.ru/images/products/1/229/113860837/thumb_td0427_ls3.jpg]
[C:/Users/Андрій/Documents/iuhgbnmkj/static-eu.insales.ru/images/products/1/229/113860837/large_td0427_ls3.jpg]
[C:/Users/Андрій/Documents/iuhgbnmkj/static-eu.insales.ru/images/products/1/231/113860839/thumb_td0427_ls4.jpg]
[C:/Users/Андрій/Documents/iuhgbnmkj/static-eu.insales.ru/images/products/1/231/113860839/large_td0427_ls4.jpg]
[C:/Users/Андрій/Documents/iuhgbnmkj/static-eu.insales.ru/images/products/1/232/113860840/thumb_td0427_ls5.jpg]
[C:/Users/Андрій/Documents/iuhgbnmkj/static-eu.insales.ru/images/products/1/232/113860840/large_td0427_ls5.jpg]
[C:/Users/Андрій/Documents/iuhgbnmkj/static-eu.insales.ru/images/products/1/234/113860842/thumb_td0427_ls6.jpg]
[C:/Users/Андрій/Documents/iuhgbnmkj/static-eu.insales.ru/images/products/1/234/113860842/large_td0427_ls6.jpg]
[C:/Users/Андрій/Documents/iuhgbnmkj/static-eu.insales.ru/images/products/1/236/113860844/thumb_td0427_ls7.jpg]
[C:/Users/Андрій/Documents/iuhgbnmkj/static-eu.insales.ru/images/products/1/236/113860844/large_td0427_ls7.jpg]
[C:/Users/Андрій/Documents/iuhgbnmkj/static-eu.insales.ru/images/products/1/223/113860831/td0427.jpg]
[C:/Users/Андрій/Documents/iuhgbnmkj/static-eu.insales.ru/images/products/1/225/113860833/td0427_ls1.jpg]
[C:/Users/Андрій/Documents/iuhgbnmkj/static-eu.insales.ru/images/products/1/227/113860835/td0427_ls2.jpg]
[C:/Users/Андрій/Documents/iuhgbnmkj/static-eu.insales.ru/images/products/1/229/113860837/td0427_ls3.jpg]
[C:/Users/Андрій/Documents/iuhgbnmkj/static-eu.insales.ru/images/products/1/231/113860839/td0427_ls4.jpg]
[C:/Users/Андрій/Documents/iuhgbnmkj/static-eu.insales.ru/images/products/1/232/113860840/td0427_ls5.jpg]
[C:/Users/Андрій/Documents/iuhgbnmkj/static-eu.insales.ru/images/products/1/234/113860842/td0427_ls6.jpg]
[C:/Users/Андрій/Documents/iuhgbnmkj/static-eu.insales.ru/images/products/1/236/113860844/td0427_ls7.jpg]
[C:/Users/Андрій/Documents/iuhgbnmkj/pleinair.myinsales.ru/product/lampa-tom-dixon-melt-floor-light-copper.html]
[C:/Users/Андрій/Documents/iuhgbnmkj/static-eu.insales.ru/images/products/1/213/113860821/thumb_td0428.jpg]
[C:/Users/Андрій/Documents/iuhgbnmkj/static-eu.insales.ru/images/products/1/216/113860824/thumb_td0428_ls1.jpg]
[C:/Users/Андрій/Documents/iuhgbnmkj/static-eu.insales.ru/images/products/1/216/113860824/large_td0428_ls1.jpg]
[C:/Users/Андрій/Documents/iuhgbnmkj/static-eu.insales.ru/images/products/1/218/113860826/thumb_td0428_ls2.jpg]
[C:/Users/Андрій/Documents/iuhgbnmkj/static-eu.insales.ru/images/products/1/218/113860826/large_td0428_ls2.jpg]
[C:/Users/Андрій/Documents/iuhgbnmkj/static-eu.insales.ru/images/products/1/219/113860827/thumb_td0428_ls3.jpg]
[C:/Users/Андрій/Documents/iuhgbnmkj/static-eu.insales.ru/images/products/1/219/113860827/large_td0428_ls3.jpg]
[C:/Users/Андрій/Documents/iuhgbnmkj/static-eu.insales.ru/images/products/1/221/113860829/thumb_td0428_ls4.jpg]
[C:/Users/Андрій/Documents/iuhgbnmkj/static-eu.insales.ru/images/products/1/221/113860829/large_td0428_ls4.jpg]
[C:/Users/Андрій/Documents/iuhgbnmkj/static-eu.insales.ru/images/products/1/213/113860821/td0428.jpg]
[C:/Users/Андрій/Documents/iuhgbnmkj/static-eu.insales.ru/images/products/1/216/113860824/td0428_ls1.jpg]
[C:/Users/Андрій/Documents/iuhgbnmkj/static-eu.insales.ru/images/products/1/218/113860826/td0428_ls2.jpg]
[C:/Users/Андрій/Documents/iuhgbnmkj/static-eu.insales.ru/images/products/1/219/113860827/td0428_ls3.jpg]
[C:/Users/Андрій/Documents/iuhgbnmkj/static-eu.insales.ru/images/products/1/221/113860829/td0428_ls4.jpg]
[C:/Users/Андрій/Documents/iuhgbnmkj/pleinair.myinsales.ru/product/lampa-tom-dixon-melt-table-light-copper.html]
[C:/Users/Андрій/Documents/iuhgbnmkj/static-eu.insales.ru/images/products/1/238/113860846/thumb_td0017.jpg]
[C:/Users/Андрій/Documents/iuhgbnmkj/static-eu.insales.ru/images/products/1/240/113860848/thumb_td0017ls1.jpg]
[C:/Users/Андрій/Documents/iuhgbnmkj/static-eu.insales.ru/images/products/1/240/113860848/large_td0017ls1.jpg]
[C:/Users/Андрій/Documents/iuhgbnmkj/static-eu.insales.ru/images/products/1/238/113860846/td0017.jpg]
[C:/Users/Андрій/Documents/iuhgbnmkj/static-eu.insales.ru/images/products/1/240/113860848/td0017ls1.jpg]
[C:/Users/Андрій/Documents/iuhgbnmkj/pleinair.myinsales.ru/product/lampa-tom-dixon-plane-round-table.html]
[C:/Users/Андрій/Documents/iuhgbnmkj/static-eu.insales.ru/images/products/1/205/113860813/thumb_td0313.jpg]
[C:/Users/Андрій/Documents/iuhgbnmkj/static-eu.insales.ru/images/products/1/207/113860815/thumb_td0313_ls1.jpg]
[C:/Users/Андрій/Documents/iuhgbnmkj/static-eu.insales.ru/images/products/1/207/113860815/large_td0313_ls1.jpg]
[C:/Users/Андрій/Documents/iuhgbnmkj/static-eu.insales.ru/images/products/1/209/113860817/thumb_td0313_ls2.jpg]
[C:/Users/Андрій/Documents/iuhgbnmkj/static-eu.insales.ru/images/products/1/209/113860817/large_td0313_ls2.jpg]
[C:/Users/Андрій/Documents/iuhgbnmkj/static-eu.insales.ru/images/products/1/211/113860819/thumb_td0313_ls3.jpg]
[C:/Users/Андрій/Documents/iuhgbnmkj/static-eu.insales.ru/images/products/1/211/113860819/large_td0313_ls3.jpg]
[C:/Users/Андрій/Documents/iuhgbnmkj/static-eu.insales.ru/images/products/1/205/113860813/td0313.jpg]
[C:/Users/Андрій/Documents/iuhgbnmkj/static-eu.insales.ru/images/products/1/207/113860815/td0313_ls1.jpg]
[C:/Users/Андрій/Documents/iuhgbnmkj/static-eu.insales.ru/images/products/1/209/113860817/td0313_ls2.jpg]
[C:/Users/Андрій/Documents/iuhgbnmkj/static-eu.insales.ru/images/products/1/211/113860819/td0313_ls3.jpg]
[C:/Users/Андрій/Documents/iuhgbnmkj/pleinair.myinsales.ru/product/lampa-tom-dixon-stone-table-light.html]
[C:/Users/Андрій/Documents/iuhgbnmkj/pleinair.myinsales.ru/product/'/page/oferta'.html]
[C:/Users/Андрій/Documents/iuhgbnmkj/yastatic.net/es5-shims/0.0.2/es5-shims.min.js]
[C:/Users/Андрій/Documents/iuhgbnmkj/yastatic.net/share2/share.js]
[C:/Users/Андрій/Documents/iuhgbnmkj/pleinair.myinsales.ru/blogs/blog/'/page/oferta'.html]
[C:/Users/Андрій/Documents/iuhgbnmkj/pleinair.myinsales.ru/blogs/blog/tags/teg-1.html]
[C:/Users/Андрій/Documents/iuhgbnmkj/pleinair.myinsales.ru/blogs/blog/tags/teg-3.html]
[C:/Users/Андрій/Documents/iuhgbnmkj/pleinair.myinsales.ru/blogs/blog/tags/teg-2.html]
[C:/Users/Андрій/Documents/iuhgbnmkj/pleinair.myinsales.ru/blogs/'/page/oferta'.html]
[C:/Users/Андрій/Documents/iuhgbnmkj/pleinair.myinsales.ru/served_assets/glyphicons/glyphicons-regular.svg]
[C:/Users/Андрій/Documents/iuhgbnmkj/pleinair.myinsales.ru/served_assets/glyphicons/glyphicons-halflings-regular.svg]
[C:/Users/Андрій/Documents/iuhgbnmkj/pleinair.myinsales.ru/served_assets/glyphicons/glyphicons-filetypes-regular.svg]
[C:/Users/Андрій/Documents/iuhgbnmkj/pleinair.myinsales.ru/blogs/blog/tags/'/page/oferta'.html]
